exports[`<SplashPage /> matches css snapshot 1`] = `
"[
  \"css-wlbfil\",
  \"css-nkpr7m\",
  \"css-1dl4n80\",
  \"css-cdesk3\",
  \"css-o94tcm\"
]"
`;

exports[`<SplashPage /> matches render snapshot 1`] = `
<div
  className="css-wlbfil">
  <div
    className="css-nkpr7m" />
  <div
    className="css-1dl4n80">
    A platform to find, share, and discuss healthy places to shop and eat.
  </div>
  <div
    className="css-cdesk3">
    Coming Soon
  </div>
  <div
    className="css-o94tcm" />
</div>
`;
