exports[`<LinkButton /> css matches snapshot 1`] = `
"{
 \"backgroundColor\": \"darkslategray\",
 \"border\": \"none\",
 \"borderRadius\": \"4px\",
 \"color\": \"white\",
 \"padding\": \"8px 32px 8px 32px\",
 \"textAlign\": \"center\",
 \"textDecoration\": \"none\",
 \"fontSize\": \"12px\"
}"
`;

exports[`<LinkButton /> render matches snapshot 1`] = `
<div>
  <a
    className={
      Object {
        "data-css-15br13v": "",
      }
    }
    href="some link">
    some button text
  </a>
</div>
`;
