// Jest Snapshot v1, https://goo.gl/fbAQLP

exports[`<NavBar /> matches render snapshot 1`] = `
<div
  className="row"
>
  <div
    className="column"
  >
    <div
      className="app-header__top"
    >
      <a
        href="/"
      >
        <img
          alt="Company Logo"
          src="images/logo.png"
        />
      </a>
      <nav
        className="app-header-nav"
      >
        <ul
          className="menu align-center"
        >
          <li
            className="is-active"
          >
            <a
              href="/"
            >
              HOME
            </a>
          </li>
          <li>
            <a
              href="/privacy-policy"
            >
              PRIVACY
            </a>
          </li>
        </ul>
      </nav>
      <div
        className="app-header-social text-center medium-text-right"
      >
        <a
          href="mailto:info@eatdrinkhealthy.co"
        >
          <span
            className="fa-stack fa-lg"
          >
            <i
              className="fa fa-circle fa-stack-2x"
            />
            <i
              className="fa fa-envelope fa-stack-1x fa-inverse"
            />
          </span>
        </a>
        <a
          href="https://www.linkedin.com/company/16173480/"
          rel="noopener noreferrer"
          target="_blank"
        >
          <span
            className="fa-stack fa-lg"
          >
            <i
              className="fa fa-circle fa-stack-2x"
            />
            <i
              className="fa fa-linkedin fa-stack-1x fa-inverse"
            />
          </span>
        </a>
      </div>
    </div>
  </div>
</div>
`;
